/Users/manjunathdj/Applications/qa-lead-desk-web/src/com/onco/webtests/WebsiteHomeWhatWeDoSectionGetthebesttreatmentoptions.java
/Users/manjunathdj/Applications/qa-lead-desk-web/src/com/onco/misc/Deletelead.java
/Users/manjunathdj/Applications/qa-lead-desk-web/src/com/onco/pages/Iamconfused.java
/Users/manjunathdj/Applications/qa-lead-desk-web/src/com/onco/webtests/NewUserIWantToTalkToAnOncologistWithoutCoupon.java
/Users/manjunathdj/Applications/qa-lead-desk-web/src/com/onco/webtests/WebsiteCallOncoFlowFromBannerWithCoupon.java
/Users/manjunathdj/Applications/qa-lead-desk-web/src/com/onco/webtests/ExistinguserFlowIamconfusedineedhelpingettingstartedNoiamExperiencingsymptoms.java
/Users/manjunathdj/Applications/qa-lead-desk-web/src/com/onco/webtests/NewUserSignupBookonPriorityAppointment.java
/Users/manjunathdj/Applications/qa-lead-desk-web/src/com/onco/pages/PaymentsRazorPay.java
/Users/manjunathdj/Applications/qa-lead-desk-web/src/com/onco/pages/Requestcallonco.java
/Users/manjunathdj/Applications/qa-lead-desk-web/src/com/onco/webtests/WebsiteHomeExistingUserGetFreeOpinion.java
/Users/manjunathdj/Applications/qa-lead-desk-web/src/com/onco/pages/Calendar.java
/Users/manjunathdj/Applications/qa-lead-desk-web/src/com/onco/pages/Service.java
/Users/manjunathdj/Applications/qa-lead-desk-web/src/com/onoco/testrail/APIException.java
/Users/manjunathdj/Applications/qa-lead-desk-web/src/com/onco/webtests/WebsiteHomeOncoinnews.java
/Users/manjunathdj/Applications/qa-lead-desk-web/src/com/onco/pages/SignUp.java
/Users/manjunathdj/Applications/qa-lead-desk-web/src/com/onco/pages/Thankyoupanel.java
/Users/manjunathdj/Applications/qa-lead-desk-web/src/com/onco/webtests/NewUserIWantToTalkToAnOncologistWithCoupon.java
/Users/manjunathdj/Applications/qa-lead-desk-web/src/com/onco/webtests/NewUserUPIpaymentIWantToTalkToOncologist.java
/Users/manjunathdj/Applications/qa-lead-desk-web/src/com/onco/webtests/WebsiteHomeNewUserGetFreeOpinion.java
/Users/manjunathdj/Applications/qa-lead-desk-web/src/com/onco/testbase/TestUtil.java
/Users/manjunathdj/Applications/qa-lead-desk-web/src/com/onco/pages/RequestDoctorAppointment.java
/Users/manjunathdj/Applications/qa-lead-desk-web/src/com/onco/pages/PatientInfo.java
/Users/manjunathdj/Applications/qa-lead-desk-web/src/com/onco/pages/FreeOpinion.java
/Users/manjunathdj/Applications/qa-lead-desk-web/src/com/onco/webtests/NewUserINeedToBookADiagnosticTest.java
/Users/manjunathdj/Applications/qa-lead-desk-web/src/com/onco/webtests/NewUserBookAppointmentRequestCallOnco.java
/Users/manjunathdj/Applications/qa-lead-desk-web/src/com/onco/webtests/WebsiteHomeConfusedaboutyourtreatmentoptions.java
/Users/manjunathdj/Applications/qa-lead-desk-web/src/com/onco/webtests/ExistinguserFlowBookLabDiagnostic.java
/Users/manjunathdj/Applications/qa-lead-desk-web/src/com/onoco/testrail/APIClient.java
/Users/manjunathdj/Applications/qa-lead-desk-web/src/com/onco/pages/Appointment.java
/Users/manjunathdj/Applications/qa-lead-desk-web/src/com/onco/pages/RequestLabTests.java
/Users/manjunathdj/Applications/qa-lead-desk-web/src/com/onco/webtests/WebsiteHomeWhatwedosectionGetthebesttreatmentoptionsclickonseepricing.java
/Users/manjunathdj/Applications/qa-lead-desk-web/src/com/onco/pages/Concerns.java
/Users/manjunathdj/Applications/qa-lead-desk-web/src/com/onco/webtests/WebsiteHomeWhatwedosectionBookdoctorconsultationDoctorcarousel.java
/Users/manjunathdj/Applications/qa-lead-desk-web/src/com/onco/extinctreport/ExtinctTestNG.java
/Users/manjunathdj/Applications/qa-lead-desk-web/src/com/onco/pages/Login.java
/Users/manjunathdj/Applications/qa-lead-desk-web/src/com/onco/webtests/NewUserOpinionINeedAnOnlineOpinionForCancerTreatmentIndiaPanel.java
/Users/manjunathdj/Applications/qa-lead-desk-web/src/com/onco/webtests/WebsiteCallOncoFlowFromBannerWithoutCoupon.java
/Users/manjunathdj/Applications/qa-lead-desk-web/src/com/onco/webtests/NewUserIneedAnOnlineOpinionForCancerTreatmentNewUserOpinionUSPanel.java
/Users/manjunathdj/Applications/qa-lead-desk-web/src/com/onco/pages/Summary.java
/Users/manjunathdj/Applications/qa-lead-desk-web/src/com/onco/webtests/ExistinguserFlowIamconfusedineedhelpingettingstartedYesiamdiagnoisedwithcancer.java
/Users/manjunathdj/Applications/qa-lead-desk-web/src/com/onco/webtests/NewUserSignupPaytmBookOnPriorityAppointment.java
/Users/manjunathdj/Applications/qa-lead-desk-web/src/com/onco/pages/OpinionType.java
/Users/manjunathdj/Applications/qa-lead-desk-web/src/com/onco/pages/ThankYou.java
/Users/manjunathdj/Applications/qa-lead-desk-web/src/com/onco/pages/Homepage.java
/Users/manjunathdj/Applications/qa-lead-desk-web/src/com/onco/webtests/NewUserINeedToBookADiagnosticTestRequestCallOnco.java
/Users/manjunathdj/Applications/qa-lead-desk-web/src/com/onco/webtests/NewUserSignupBookanpayatHospitalAppointmentWithFreeOpinion.java
/Users/manjunathdj/Applications/qa-lead-desk-web/src/com/onco/testbase/BaseClass.java
/Users/manjunathdj/Applications/qa-lead-desk-web/src/com/onco/webtests/ExistinguserFlowBookAppointment.java
